=== 植愈智能搜索系统 ===


============================================================
测试 1: "绿萝"
============================================================
类型: plant_info
标题: 🌿 绿萝

内容:
**基本信息**
- 学名：Epipremnum aureum
- 科属：天南星科
- 难度：1/5
- 原产地：所罗门群岛

**简介**
绿萝是天南星科麒麟叶属的常绿藤本植物，叶片呈心形，色泽翠绿，具有极强的生命力。它是最受欢迎的室内观叶植物之一，因其易于养护和优秀的空气净化能力而备受青睐。

**养护要点**
- 光照：喜明亮的散射光，忌强光直射。适合室内东向或北向窗台，距离窗户 1-2 米处。夏季需遮阴 50%-70%，冬季可适当增加光照。
- 浇水：喜湿润但怕积水。生长期保持土壤微湿，表土发白时浇水。夏季每周 2-3 次，秋冬季每 7-10 天一次。
- 温度：适宜温度 18-28°C。冬季不低于 10°C，低于 15°C 生长缓慢。。原产亚热带，较耐寒，冬季不低于 8°C 即可。
- 湿度：喜高湿度环境，适宜湿度 60%-80%。干燥季节需经常向叶面及周围喷雾，或使用加湿器。。适应性强，对湿度要求中等。
- 土壤：疏松、肥沃、排水良好的微酸性土壤。推荐：腐叶土 4 份 + 泥炭土 3 份 + 珍珠岩 2 份 + 河沙 1 份。

**常见问题**
- 黄叶：浇水过多或土壤积水导致烂根
- 叶尖干枯：空气湿度不足或浇水不及时
- 叶片变小：光照不足或长期未换盆缺肥
- 病虫害：通风不良易生红蜘蛛、介壳虫


============================================================
测试 2: "多肉叶片软了"
============================================================
类型: symptom_diagnosis
标题: 🔍 石莲花 - 症状诊断

内容:
### 1. 多肉叶片变软

**可能原因：**

**正常消耗**
- 描述：底部老叶自然老化
- 判断：只有底部1-2片老叶变软，新叶饱满正常
- 解决：无需特殊处理；等待老叶自然干枯脱落；可轻轻摘除已完全干枯的叶片
- 恢复：1-2周自然脱落

**缺水**
- 描述：土壤干燥，植株缺水
- 判断：土壤完全干燥，盆很轻，叶片整体发软起皱
- 解决：采用浸盆法补水：将花盆底部浸入水中10-15分钟；或沿盆边缓慢浇透水，直到水从盆底流出；移至通风良好的地方，避免积水；下次浇水需等土壤完全干透（约7-10天）
- 恢复：2-3天恢复饱满

**烂根**
- 描述：浇水过多导致根系腐烂
- 判断：土壤潮湿有异味，叶片透明化水，茎基部发黑
- 解决：立即脱盆，检查根系；用消毒剪刀剪除所有腐烂、发黑的根系；保留健康根系（白色或浅黄色）；多菌灵溶液浸泡30分钟消毒；阴凉处晾根3-5天，伤口愈合；换新土重新栽种（推荐颗粒土70%+泥炭30%）；7天内不浇水，之后少量给水
- 恢复：2-4周恢复生长

**休眠期**
- 描述：夏季或冬季休眠，生长停滞
- 判断：夏/冬季，温度高于35℃或低于10℃，叶片轻微皱缩
- 解决：夏季：遮阴通风，少量给水（沿盆边1-2勺）；冬季：移至室内，保持10℃以上，断水；避免暴晒和闷热环境；等春秋生长期恢复正常养护
- 恢复：休眠期结束后自然恢复

### 2. 叶片枯萎

**可能原因：**

**严重缺水**
- 描述：长期未浇水，植株脱水
- 判断：土壤干裂，叶片严重萎蔫
- 解决：浸盆法补水30分钟；移至阴凉处恢复；剪除无法恢复的枯叶

**烂根**
- 描述：根系腐烂，无法吸水
- 判断：土壤湿但叶片萎蔫，有异味
- 解决：脱盆检查根系；剪除烂根，消毒处理；换新土重栽



============================================================
测试 3: "芦荟烂根怎么办"
============================================================
类型: disease_treatment
标题: 💊 芦荟 - 病害防治

内容:
### 1. 根腐病

- **症状**：根部变黑腐烂，植株萎蔫，土壤有臭味
- **紧急度**：⭐⭐⭐ 高
- **治疗步骤**：
  1. 脱盆清洗根系
  2. 剪除所有腐烂根系
  3. 多菌灵浸泡30分钟
  4. 换新土重栽
  5. 控制浇水
- **推荐药剂**：恶霉灵3000倍灌根、多菌灵500倍灌根



============================================================
测试 4: "龟背竹怎么养"
============================================================
类型: care_guide
标题: 🌱 龟背竹 - 养护指南

内容:
**光照**
喜明亮的散射光，忌强光直射。适合室内东向或北向窗台，距离窗户 1-2 米处。夏季需遮阴 50%-70%，冬季可适当增加光照。

**浇水**
喜湿润但怕积水。生长期保持土壤微湿，表土发白时浇水。夏季每周 2-3 次，秋冬季每 7-10 天一次。

**温度**
适宜温度 18-28°C。冬季不低于 10°C，低于 15°C 生长缓慢。。原产亚热带，较耐寒，冬季不低于 8°C 即可。

**湿度**
喜高湿度环境，适宜湿度 60%-80%。干燥季节需经常向叶面及周围喷雾，或使用加湿器。。适应性强，对湿度要求中等。

**土壤**
疏松、肥沃、排水良好的微酸性土壤。推荐：腐叶土 4 份 + 泥炭土 3 份 + 珍珠岩 2 份 + 河沙 1 份。

**施肥**
生长期（4-9 月）每 2 周施一次稀释的观叶植物液肥。秋冬季停止施肥。

**修剪**
及时剪除枯黄叶片和老化枝条。藤蔓过长可截短促进分枝。

**养护技巧**
- 保持土壤湿润但不积水
- 定期清洁叶片灰尘
- 避免强光直射
- 每月施用氮肥为主的肥料


============================================================
测试 5: "月季怎么施肥"
============================================================
类型: fertilizer_advice
标题: 💊 月季 - 施肥指南

内容:
**四季施肥计划**

**施肥要点**
生长期（4-9 月）每 2 周施一次稀释的观叶植物液肥。秋冬季停止施肥。


============================================================
测试 6: "叶子发黄是什么原因"
============================================================
类型: symptom_diagnosis
标题: 🔍 症状诊断

内容:
### 1. 叶片发黄

**可能原因：**

**浇水过多**
- 描述：土壤长期潮湿，根系缺氧
- 判断：土壤湿，老叶先黄，叶脉也黄
- 解决：立即停止浇水；移至通风处，加速土壤干燥；松土增加透气性；严重时脱盆检查根系，处理烂根

**浇水过少**
- 描述：长期干旱，植株缺水
- 判断：土壤干，叶片发黄同时萎蔫
- 解决：浸盆法补水；剪除严重黄叶；调整浇水频率

**缺氮**
- 描述：氮素不足，老叶先黄
- 判断：老叶均匀发黄，从叶尖开始，新叶正常
- 解决：施用含氮肥料（尿素或花多多10号）；稀释1000倍浇灌；2周后再次施用

**缺铁**
- 描述：铁元素不足，新叶黄化
- 判断：新叶发黄，叶脉保持绿色，老叶正常
- 解决：施用螯合铁或硫酸亚铁；稀释1000倍浇灌或喷施叶面；调节土壤pH至微酸性


✅ 数据库加载成功，共 825 种植物

🌱 Rose Garden 植物数据库 API 服务
==================================================
📡 服务地址: http://localhost:3002
📚 API 文档:
   GET  /api/health           - 健康检查
   GET  /api/categories       - 分类列表
   GET  /api/plants           - 植物列表（支持筛选/分页/搜索）
   GET  /api/plants/:id       - 植物详情
   GET  /api/plants/random/:n - 随机植物
   GET  /api/stats            - 统计数据
==================================================
